Found 83 accounts. Uploading to http://gpt.cccy.me/api/auto-gpt/upload...
Failed to upload: HTTP Error 401: Unauthorized
